[duhocTDJ.vn/index.html]
[duhocTDJ.vn/wp-content/litespeed/css/be71678994b50ceef3ccc2f72292e0378afc.css]
[duhocTDJ.vn/xmlrpc.1.delayed]
[backblue.gif]
[fade.gif]
[index.html]
[duhocTDJ.vn/wp-content/themes/flatsome/assets/js/flatsomeaeec.js]
[duhocTDJ.vn/wp-content/themes/flatsome/assets/js/chunk.slider6294.js]
[duhocTDJ.vn/wp-content/themes/flatsome/assets/js/chunk.popups6294.js]
[duhocTDJ.vn/wp-content/themes/flatsome/assets/js/chunk.tooltips6294.js]
[duhocTDJ.vn/wp-json/wp/v2/pages/2.json]
[duhocTDJ.vn/feed/index.html]
[duhocTDJ.vn/xmlrpc0db0.php]
[duhocTDJ.vn/comments/feed/index.html]
[duhocTDJ.vn/wp-json/oembed/1.0/embed4c3e.json]
[duhocTDJ.vn/trang-chu/feed/index.html]
[duhocTDJ.vn/wp-json/index.html]
[duhocTDJ.vn/wp-json/oembed/1.0/embed2977]
[duhocTDJ.vn/wp-content/uploads/2023/06/cropped-z4464769059915_47bc8074231d8b34b50a9fa4fc705731-32x32.jpg]
[duhocTDJ.vn/wp-content/uploads/2023/06/cropped-z4464769059915_47bc8074231d8b34b50a9fa4fc705731-192x192.jpg]
[duhocTDJ.vn/wp-content/uploads/2023/06/cropped-z4464769059915_47bc8074231d8b34b50a9fa4fc705731-180x180.jpg]
[duhocTDJ.vn/wp-content/uploads/2023/07/apply-arrow.png]
[connect.facebook.net/vi_VN/sdk.js]
[duhocTDJ.vn/wp-content/uploads/2023/11/Thiet-ke-chua-co-ten-1-scaled.jpg]
[duhocTDJ.vn/wp-content/uploads/2023/07/bg2.jpg]
[duhocTDJ.vn/wp-content/plugins/litespeed-cache/guest.vary.html]
[duhocTDJ.vn/index.html]
[duhocTDJ.vn/du-hoc-dai-loan/index.html]
[duhocTDJ.vn/du-hoc-dai-loan/he-vua-hoc-vua-lam/index.html]
[duhocTDJ.vn/gioi-thieu-smart-way/index.html]
[duhocTDJ.vn/du-hoc-dai-loan/he-1-4/index.html]
[duhocTDJ.vn/du-hoc-dai-loan/he-tu-tuc/index.html]
[duhocTDJ.vn/du-hoc-dai-loan/he-ngon-ngu/index.html]
[duhocTDJ.vn/wp-includes/fonts/dashicons7d4b.eot]
[duhocTDJ.vn/tin-tuc/index.html]
[duhocTDJ.vn/cam-nang-du-hoc/index.html]
[duhocTDJ.vn/su-kien/index.html]
[duhocTDJ.vn/du-hoc-dai-loan/du-hoc-he-cao-hoc/index.html]
[duhocTDJ.vn/wp-includes/fonts/dashicons7d4b.ttf]
[duhocTDJ.vn/wp-content/plugins/ultimate-addons-for-contact-form-7/assets/admin/libs/font-awesome/fontawesome4/fonts/fontawesome-webfont3e6e.eot]
[duhocTDJ.vn/kham-pha-chi-phi-di-du-hoc-dai-loan/index.html]
[duhocTDJ.vn/wp-content/plugins/ultimate-addons-for-contact-form-7/assets/admin/libs/font-awesome/fontawesome4/fonts/fontawesome-webfontd41d.eot]
[duhocTDJ.vn/lien-he/index.html]
[duhocTDJ.vn/lieu-co-nen-di-du-hoc-dai-loan-khong/index.html]
[duhocTDJ.vn/wp-content/plugins/ultimate-addons-for-contact-form-7/assets/admin/libs/font-awesome/fontawesome4/fonts/fontawesome-webfont3e6e.woff2]
[duhocTDJ.vn/du-hoc-dai-loan-2023-va-nhung-dieu-can-biet/index.html]
[duhocTDJ.vn/di-du-hoc-dai-loan-can-nhung-gi/index.html]
[duhocTDJ.vn/wp-content/plugins/ultimate-addons-for-contact-form-7/assets/admin/libs/font-awesome/fontawesome4/fonts/fontawesome-webfont3e6e.woff]
[duhocTDJ.vn/thong-tin-chi-tiet-ve-du-hoc-dai-loan-he-ngon-ngu/index.html]
[duhocTDJ.vn/lieu-co-nen-di-du-hoc-dai-loan-bang-tieng-anh/index.html]
[duhocTDJ.vn/huong-dan-chung-minh-tai-chinh-du-hoc-dai-loan/index.html]
[duhocTDJ.vn/wp-content/plugins/ultimate-addons-for-contact-form-7/assets/admin/libs/font-awesome/fontawesome4/fonts/fontawesome-webfont3e6e.ttf]
[duhocTDJ.vn/tim-hieu-ve-xin-hoc-bong-du-hoc-dai-loan/index.html]
[duhocTDJ.vn/du-hoc-smart-way-va-cam-xuc-tai-san-bay/index.html]
[duhocTDJ.vn/wp-content/plugins/ultimate-addons-for-contact-form-7/assets/admin/libs/font-awesome/fontawesome4/fonts/fontawesome-webfont3e6e.svg]
[duhocTDJ.vn/smart-way-tien-hoc-vien-ra-san-bay-du-hoc/index.html]
[duhocTDJ.vn/tiec-chia-tay-hoc-vien-du-hoc-thang-9-cua-smart-way/index.html]
[duhocTDJ.vn/wp-content/plugins/ultimate-addons-for-contact-form-7/assets/admin/libs/font-awesome/fontawesome5/webfonts/fa-brands-400.eot]
[duhocTDJ.vn/wp-content/plugins/ultimate-addons-for-contact-form-7/assets/admin/libs/font-awesome/fontawesome5/webfonts/fa-brands-400d41d.eot]
[duhocTDJ.vn/nhung-hinh-anh-trong-buoi-thi-tocfl-ngay-23-7/index.html]
[duhocTDJ.vn/wp-content/plugins/ultimate-addons-for-contact-form-7/assets/admin/libs/font-awesome/fontawesome5/webfonts/fa-brands-400.woff2]
[duhocTDJ.vn/wp-content/plugins/ultimate-addons-for-contact-form-7/assets/admin/libs/font-awesome/fontawesome5/webfonts/fa-brands-400.woff]
[duhocTDJ.vn/wp-content/plugins/ultimate-addons-for-contact-form-7/assets/admin/libs/font-awesome/fontawesome5/webfonts/fa-brands-400.ttf]
[duhocTDJ.vn/smart-way-noi-gui-gam-uoc-mo-du-hoc-dai-loan/index.html]
[duhocTDJ.vn/wp-content/plugins/ultimate-addons-for-contact-form-7/assets/admin/libs/font-awesome/fontawesome5/webfonts/fa-regular-400.eot]
[duhocTDJ.vn/wp-content/plugins/ultimate-addons-for-contact-form-7/assets/admin/libs/font-awesome/fontawesome5/webfonts/fa-regular-400d41d.eot]
[duhocTDJ.vn/wp-content/plugins/ultimate-addons-for-contact-form-7/assets/admin/libs/font-awesome/fontawesome5/webfonts/fa-brands-400.svg]
[duhocTDJ.vn/wp-content/plugins/ultimate-addons-for-contact-form-7/assets/admin/libs/font-awesome/fontawesome5/webfonts/fa-regular-400.woff2]
[duhocTDJ.vn/wp-content/plugins/ultimate-addons-for-contact-form-7/assets/admin/libs/font-awesome/fontawesome5/webfonts/fa-regular-400.woff]
[duhocTDJ.vn/wp-content/plugins/ultimate-addons-for-contact-form-7/assets/admin/libs/font-awesome/fontawesome5/webfonts/fa-regular-400.ttf]
[duhocTDJ.vn/wp-content/plugins/ultimate-addons-for-contact-form-7/assets/admin/libs/font-awesome/fontawesome5/webfonts/fa-regular-400.svg]
[duhocTDJ.vn/wp-content/plugins/ultimate-addons-for-contact-form-7/assets/admin/libs/font-awesome/fontawesome5/webfonts/fa-solid-900.woff2]
[duhocTDJ.vn/wp-content/plugins/ultimate-addons-for-contact-form-7/assets/admin/libs/font-awesome/fontawesome5/webfonts/fa-solid-900d41d.eot]
[duhocTDJ.vn/wp-content/plugins/ultimate-addons-for-contact-form-7/assets/admin/libs/font-awesome/fontawesome5/webfonts/fa-solid-900.woff]
[duhocTDJ.vn/wp-content/plugins/ultimate-addons-for-contact-form-7/assets/admin/libs/font-awesome/fontawesome5/webfonts/fa-solid-900.eot]
[duhocTDJ.vn/wp-content/plugins/ultimate-addons-for-contact-form-7/assets/admin/libs/font-awesome/fontawesome5/webfonts/fa-solid-900.ttf]
[duhocTDJ.vn/wp-content/plugins/ultimate-addons-for-contact-form-7/assets/admin/libs/font-awesome/fontawesome6/webfonts/fa-brands-400.woff2]
[duhocTDJ.vn/wp-content/plugins/ultimate-addons-for-contact-form-7/assets/admin/libs/font-awesome/fontawesome6/webfonts/fa-regular-400.woff2]
[duhocTDJ.vn/wp-content/plugins/ultimate-addons-for-contact-form-7/assets/admin/libs/font-awesome/fontawesome6/webfonts/fa-brands-400.ttf]
[duhocTDJ.vn/wp-content/plugins/ultimate-addons-for-contact-form-7/assets/admin/libs/font-awesome/fontawesome6/webfonts/fa-regular-400.ttf]
[duhocTDJ.vn/wp-content/plugins/ultimate-addons-for-contact-form-7/assets/admin/libs/font-awesome/fontawesome6/webfonts/fa-solid-900.woff2]
[duhocTDJ.vn/wp-content/plugins/ultimate-addons-for-contact-form-7/assets/admin/libs/font-awesome/fontawesome6/webfonts/fa-v4compatibility.woff2]
[duhocTDJ.vn/wp-content/plugins/ultimate-addons-for-contact-form-7/assets/admin/libs/font-awesome/fontawesome5/webfonts/fa-solid-900.svg]
[duhocTDJ.vn/wp-content/plugins/ultimate-addons-for-contact-form-7/assets/admin/libs/font-awesome/fontawesome6/webfonts/fa-v4compatibility.ttf]
[duhocTDJ.vn/wp-content/plugins/ultimate-addons-for-contact-form-7/assets/admin/libs/font-awesome/fontawesome6/webfonts/fa-solid-900.ttf]
[duhocTDJ.vn/wp-content/plugins/ultimate-addons-for-contact-form-7/assets/admin/libs/remixicon/remixicon117c.woff2]
[duhocTDJ.vn/wp-content/plugins/ultimate-addons-for-contact-form-7/assets/admin/libs/remixicon/remixicon117c.woff]
[duhocTDJ.vn/wp-content/plugins/ultimate-addons-for-contact-form-7/assets/admin/libs/remixicon/remixicon117c.eot]
[duhocTDJ.vn/wp-content/plugins/ultimate-addons-for-contact-form-7/assets/admin/libs/remixicon/remixicon117c.ttf]
[duhocTDJ.vn/wp-content/themes/flatsome/assets/img/shadow@2x.png]
[duhocTDJ.vn/wp-content/themes/flatsome/assets/img/underline.png]
[duhocTDJ.vn/wp-content/themes/flatsome/assets/css/icons/fl-icons31c2.eot]
[duhocTDJ.vn/wp-content/litespeed/css/be71678994b50ceef3ccc2f72292e0378afc.css]
[duhocTDJ.vn/xmlrpc.php]
[duhocTDJ.vn/comments/feed/index.html]
[duhocTDJ.vn/trang-chu/feed/index.html]
[duhocTDJ.vn/feed/index.html]
[duhocTDJ.vn/index44bf.html]
[connect.facebook.net/vi_VN/sdk.js]
[duhocTDJ.vn/wp-content/plugins/ultimate-addons-for-contact-form-7/assets/admin/libs/remixicon/remixicon117c.svg]
[duhocTDJ.vn/wp-content/litespeed/css/70e68a14b1555987d75c140df9b7910a8afc.css]
[duhocTDJ.vn/wp-json/oembed/1.0/embeded53.json]
[duhocTDJ.vn/wp-json/wp/v2/pages/53.json]
[duhocTDJ.vn/wp-json/oembed/1.0/embed16ef]
[duhocTDJ.vn/wp-content/uploads/2023/07/cuoc-song-du-hoc-tai-trung-quoc-min.png]
[duhocTDJ.vn/gioi-thieu-smart-way/index.html]
[duhocTDJ.vn/wp-content/litespeed/css/ac359cfb0d2c39b2733d71f53ce4e6ac8afc.css]
[duhocTDJ.vn/wp-json/oembed/1.0/embed6f2d.json]
[duhocTDJ.vn/wp-json/wp/v2/pages/65.json]
[duhocTDJ.vn/wp-json/oembed/1.0/embed83ce]
[duhocTDJ.vn/du-hoc-dai-loan/index.html]
[duhocTDJ.vn/wp-content/litespeed/css/c2d20b3748a538bf9573660224561f598afc.css]
[duhocTDJ.vn/wp-json/wp/v2/pages/440.json]
[duhocTDJ.vn/wp-json/oembed/1.0/embed976f.json]
[duhocTDJ.vn/wp-json/oembed/1.0/embed23da]
[duhocTDJ.vn/wp-content/uploads/2023/07/banner-uy-tin-hang-dau.png]
[duhocTDJ.vn/wp-content/uploads/2023/07/pexels-te-ta-7513973-scaled-2.jpg]
[duhocTDJ.vn/wp-content/uploads/2023/07/pexels-te-ta-7513973-scaled-1-1.jpg]
[duhocTDJ.vn/du-hoc-dai-loan/he-vua-hoc-vua-lam/index.html]
[duhocTDJ.vn/wp-content/litespeed/css/5a52c8852c5ffa53b10db04e4d8a8b6931d8.css]
[duhocTDJ.vn/wp-content/litespeed/css/22668e7f47c8cfff0f56e8f5777958d111cd.css]
[duhocTDJ.vn/wp-content/litespeed/css/3143073ae745bd411304cc818c70da86a870.css]
[duhocTDJ.vn/wp-content/litespeed/css/eac9b7802e9f5c665c607ed88a49b620af74.css]
[duhocTDJ.vn/wp-content/litespeed/css/5d5fbeeec5da35129e81922f95d6df464eb2.css]
[duhocTDJ.vn/wp-content/litespeed/css/7efbc5b9b593f2b54d3f8746f72ff3933cd9.css]
[duhocTDJ.vn/wp-content/litespeed/css/596c9e76d0747648f9efadefdd98bf458195.css]
[duhocTDJ.vn/wp-content/litespeed/css/0fbc218a78564072f7fa12d5f5448e5ea66a.css]
[duhocTDJ.vn/wp-includes/js/jquery/jquery.minf43b.js]
[duhocTDJ.vn/wp-content/litespeed/js/3de85169b0e7c3aae75259fc6dffe23ad742.js]
[duhocTDJ.vn/wp-json/wp/v2/pages/73.json]
[duhocTDJ.vn/wp-json/oembed/1.0/embed6eb7.json]
[duhocTDJ.vn/wp-json/oembed/1.0/embed21fc]
[duhocTDJ.vn/wp-content/uploads/2023/11/abc-1024x904.png]
[duhocTDJ.vn/wp-content/uploads/2023/11/Thiet-ke-chua-co-ten-2-scaled.jpg]
[duhocTDJ.vn/wp-content/uploads/2023/11/abc.png]
[duhocTDJ.vn/wp-content/uploads/2019/07/send-icon.jpg]
[duhocTDJ.vn/wp-content/uploads/2019/07/Register.png]
[duhocTDJ.vn/wp-content/uploads/2019/07/Facebook.png]
[duhocTDJ.vn/wp-content/uploads/2019/07/HN.png]
[duhocTDJ.vn/wp-content/uploads/2019/07/down-arrow.png]
[duhocTDJ.vn/wp-content/uploads/2019/07/exam.png]
[duhocTDJ.vn/wp-content/litespeed/js/6928cd0a3a8ac9b974265002ada0df4cd772.js]
[duhocTDJ.vn/wp-content/litespeed/js/2000c956c58675bf4f1885b4b7f389e3ed6e.js]
[duhocTDJ.vn/wp-content/litespeed/js/2d37b1ffe99f208a2700fd2b6b84de427511.js]
[duhocTDJ.vn/wp-content/litespeed/js/190d282cfb86f6dc8ebe15e9bc2b7aa8b365.js]
[duhocTDJ.vn/wp-content/litespeed/js/e63cfc6f9edec8736c3993476b1e8eb41f18.js]
[duhocTDJ.vn/wp-content/litespeed/js/7f339bb323ca0e1438c46ff1d28e37bf3940.js]
[duhocTDJ.vn/du-hoc-dai-loan/he-1-4/index.html]
[duhocTDJ.vn/wp-content/litespeed/js/644f09bfa30ae71c3a946a44e415432032eb.js]
[duhocTDJ.vn/wp-json/oembed/1.0/embed0fe6.json]
[duhocTDJ.vn/wp-json/wp/v2/pages/71.json]
[duhocTDJ.vn/wp-json/oembed/1.0/embedfe03]
[duhocTDJ.vn/wp-content/uploads/2023/07/banner-tu-van-du-hoc-smart-way.png]
[duhocTDJ.vn/du-hoc-dai-loan/he-tu-tuc/index.html]
[duhocTDJ.vn/wp-json/wp/v2/pages/67.json]
[duhocTDJ.vn/wp-json/oembed/1.0/embed432e.json]
[duhocTDJ.vn/wp-json/oembed/1.0/embedf542]
[duhocTDJ.vn/du-hoc-dai-loan/he-ngon-ngu/index.html]
[duhocTDJ.vn/wp-json/wp/v2/pages/69.json]
[duhocTDJ.vn/wp-json/oembed/1.0/embedbfa7.json]
[duhocTDJ.vn/du-hoc-dai-loan/du-hoc-he-cao-hoc/index.html]
[duhocTDJ.vn/wp-json/oembed/1.0/embed2cd9]
[duhocTDJ.vn/wp-content/uploads/2023/07/call-white.png]
[duhocTDJ.vn/co-nen-di-du-hoc-dai-loan-vua-hoc-vua-lam/index.html]
[duhocTDJ.vn/tin-tuc/page/2/index.html]
[duhocTDJ.vn/tin-tuc/index.html]
[duhocTDJ.vn/wp-content/litespeed/js/ade9a6a4f7c8435027dd1028f2551fa86986.js]
[duhocTDJ.vn/tin-tuc/page/3/index.html]
[duhocTDJ.vn/wp-json/wp/v2/categories/8.json]
[duhocTDJ.vn/cam-nang-du-hoc/index.html]
[duhocTDJ.vn/cam-nang-du-hoc/page/2/index.html]
[duhocTDJ.vn/du-hoc-dai-loan-nen-hoc-nganh-gi-de-xin-viec/index.html]
[duhocTDJ.vn/cam-nang-du-hoc/feed/index.html]
[duhocTDJ.vn/tim-hieu-ve-dieu-kien-di-du-hoc-dai-loan/index.html]
[duhocTDJ.vn/wp-json/wp/v2/categories/9.json]
[duhocTDJ.vn/su-kien/index.html]
[duhocTDJ.vn/di-du-hoc-dai-loan-nen-chon-truong-nao/index.html]
[duhocTDJ.vn/su-kien/feed/index.html]
[duhocTDJ.vn/wp-json/wp/v2/pages/1622.json]
[duhocTDJ.vn/wp-json/oembed/1.0/embedebc2.json]
[duhocTDJ.vn/wp-json/oembed/1.0/embed6869]
[duhocTDJ.vn/lien-he/index.html]
[duhocTDJ.vn/wp-content/litespeed/css/0b40fddf829cdb90510a17ff7eb91064d29d.css]
[duhocTDJ.vn/wp-content/litespeed/css/482931dac246625f1592c5117402436cfbc2.css]
[duhocTDJ.vn/kham-pha-chi-phi-di-du-hoc-dai-loan/feed/index.html]
[duhocTDJ.vn/wp-json/wp/v2/posts/3584.json]
[duhocTDJ.vn/wp-json/oembed/1.0/embed65ce.json]
[duhocTDJ.vn/wp-json/oembed/1.0/embed5aa7]
[duhocTDJ.vn/wp-content/uploads/2023/10/u-diem-du-hoc-Dai-Loan-he-vua-hoc-vua-lam-1-1697186738.jpg]
[duhocTDJ.vn/wp-content/litespeed/js/6548d65564785a290c4372655eb3e34f7b32.js]
[duhocTDJ.vn/kham-pha-chi-phi-di-du-hoc-dai-loan/index.html]
[duhocTDJ.vn/wp-content/litespeed/js/4fe0be3aa84d618286ee7f55703ed4a7e014.js]
[duhocTDJ.vn/di-du-hoc-dai-loan-can-bao-nhieu-tien/index.html]
[duhocTDJ.vn/di-du-hoc-dai-loan-can-mang-theo-nhung-gi/index.html]
[duhocTDJ.vn/wp-json/wp/v2/posts/3576.json]
[duhocTDJ.vn/lieu-co-nen-di-du-hoc-dai-loan-khong/feed/index.html]
[duhocTDJ.vn/wp-json/oembed/1.0/embed0432.json]
[duhocTDJ.vn/wp-json/oembed/1.0/embedbd2e]
[duhocTDJ.vn/wp-content/uploads/2023/10/u-diem-du-hoc-Dai-Loan-he-vua-hoc-vua-lam-1697172348.jpg]
[duhocTDJ.vn/lieu-co-nen-di-du-hoc-dai-loan-khong/index.html]
[duhocTDJ.vn/wp-json/wp/v2/posts/3460.json]
[duhocTDJ.vn/du-hoc-dai-loan-2023-va-nhung-dieu-can-biet/feed/index.html]
[duhocTDJ.vn/wp-json/oembed/1.0/embed3c6b.json]
[duhocTDJ.vn/wp-json/oembed/1.0/embed52c2]
[duhocTDJ.vn/wp-content/uploads/2023/08/3-1692937730.jpg]
[duhocTDJ.vn/du-hoc-dai-loan-2023-va-nhung-dieu-can-biet/index.html]
[duhocTDJ.vn/du-hoc-dai-loan-nganh-tham-my-lam-dep/index.html]
[duhocTDJ.vn/du-hoc-dai-loan-co-nganh-gi/index.html]
[duhocTDJ.vn/wp-json/wp/v2/posts/3436.json]
[duhocTDJ.vn/he-14-du-hoc-dai-loan-la-gi/index.html]
[duhocTDJ.vn/wp-json/oembed/1.0/embed436a.json]
[duhocTDJ.vn/wp-json/oembed/1.0/embedf88c]
[duhocTDJ.vn/wp-content/uploads/2023/08/3-1692852434.jpg]
[duhocTDJ.vn/di-du-hoc-dai-loan-can-nhung-gi/index.html]
[duhocTDJ.vn/du-hoc-dai-loan-he-hoa-kieu/index.html]
[duhocTDJ.vn/chia-se-kinh-nghiem-di-du-hoc-cap-3-tai-dai-loan/index.html]
[duhocTDJ.vn/chi-phi-du-hoc-dai-loan-he-ngon-ngu/index.html]
[duhocTDJ.vn/kham-pha-chi-phi-du-hoc-dai-loan-vua-hoc-vua-lam/index.html]
[duhocTDJ.vn/wp-json/wp/v2/posts/3425.json]
[duhocTDJ.vn/di-du-hoc-dai-loan-can-nhung-gi/feed/index.html]
[duhocTDJ.vn/wp-json/oembed/1.0/embedc8bc.json]
[duhocTDJ.vn/thong-tin-chi-tiet-ve-du-hoc-dai-loan-he-ngon-ngu/feed/index.html]
[duhocTDJ.vn/wp-json/oembed/1.0/embed18bb]
[duhocTDJ.vn/wp-content/uploads/2023/08/3-1692785952.jpg]
[duhocTDJ.vn/thong-tin-chi-tiet-ve-du-hoc-dai-loan-he-ngon-ngu/index.html]
[duhocTDJ.vn/wp-json/wp/v2/posts/3415.json]
[duhocTDJ.vn/lieu-co-nen-di-du-hoc-dai-loan-bang-tieng-anh/feed/index.html]
[duhocTDJ.vn/wp-json/oembed/1.0/embed2645.json]
[duhocTDJ.vn/wp-json/oembed/1.0/embedf2c7]
[duhocTDJ.vn/wp-content/uploads/2023/08/3-1692612705.jpg]
[duhocTDJ.vn/lieu-co-nen-di-du-hoc-dai-loan-bang-tieng-anh/index.html]
[duhocTDJ.vn/wp-json/wp/v2/posts/3405.json]
[duhocTDJ.vn/huong-dan-chung-minh-tai-chinh-du-hoc-dai-loan/feed/index.html]
[duhocTDJ.vn/wp-json/oembed/1.0/embedd4a9.json]
[duhocTDJ.vn/wp-json/oembed/1.0/embedb292]
[duhocTDJ.vn/wp-content/uploads/2023/08/3-1692350191.jpg]
[duhocTDJ.vn/huong-dan-chung-minh-tai-chinh-du-hoc-dai-loan/index.html]
[duhocTDJ.vn/wp-json/wp/v2/posts/3397.json]
[duhocTDJ.vn/tim-hieu-ve-xin-hoc-bong-du-hoc-dai-loan/feed/index.html]
[duhocTDJ.vn/huong-dan-tu-lam-ho-so-du-hoc-dai-loan/index.html]
[duhocTDJ.vn/wp-json/oembed/1.0/embed7495.json]
[duhocTDJ.vn/wp-json/oembed/1.0/embedbf05]
[duhocTDJ.vn/wp-content/uploads/2023/08/3-1692265849.jpg]
[duhocTDJ.vn/tim-hieu-ve-xin-hoc-bong-du-hoc-dai-loan/index.html]
[duhocTDJ.vn/du-hoc-smart-way-va-cam-xuc-tai-san-bay/feed/index.html]
[duhocTDJ.vn/wp-json/wp/v2/posts/3592.json]
[duhocTDJ.vn/wp-json/oembed/1.0/embed4f33.json]
[duhocTDJ.vn/wp-json/oembed/1.0/embed0f85]
[duhocTDJ.vn/wp-content/uploads/2023/10/u-diem-du-hoc-Dai-Loan-he-vua-hoc-vua-lam-1697788684.jpg]
[duhocTDJ.vn/du-hoc-smart-way-va-cam-xuc-tai-san-bay/index.html]
[duhocTDJ.vn/wp-json/wp/v2/posts/3542.json]
[duhocTDJ.vn/wp-json/oembed/1.0/embed4c8b.json]
[duhocTDJ.vn/smart-way-tien-hoc-vien-ra-san-bay-du-hoc/feed/index.html]
[duhocTDJ.vn/wp-json/oembed/1.0/embedbccf]
[duhocTDJ.vn/wp-content/uploads/2023/10/u-diem-du-hoc-Dai-Loan-he-vua-hoc-vua-lam-1696847422.jpg]
[duhocTDJ.vn/smart-way-tien-hoc-vien-ra-san-bay-du-hoc/index.html]
[duhocTDJ.vn/wp-json/wp/v2/posts/3524.json]
[duhocTDJ.vn/tiec-chia-tay-hoc-vien-du-hoc-thang-9-cua-smart-way/feed/index.html]
[duhocTDJ.vn/wp-json/oembed/1.0/embed0b51.json]
[duhocTDJ.vn/wp-json/oembed/1.0/embed5d4d]
[duhocTDJ.vn/wp-content/uploads/2023/09/u-diem-du-hoc-Dai-Loan-he-vua-hoc-vua-lam-1695976985.jpg]
[duhocTDJ.vn/tiec-chia-tay-hoc-vien-du-hoc-thang-9-cua-smart-way/index.html]
[duhocTDJ.vn/wp-json/wp/v2/posts/3202.json]
[duhocTDJ.vn/wp-json/oembed/1.0/embedfdf7.json]
[duhocTDJ.vn/nhung-hinh-anh-trong-buoi-thi-tocfl-ngay-23-7/feed/index.html]
[duhocTDJ.vn/wp-json/oembed/1.0/embed1f6e]
[duhocTDJ.vn/wp-content/uploads/2023/07/2-1690273694.jpg]
[duhocTDJ.vn/nhung-hinh-anh-trong-buoi-thi-tocfl-ngay-23-7/index.html]
[duhocTDJ.vn/wp-json/wp/v2/posts/3036.json]
[duhocTDJ.vn/smart-way-noi-gui-gam-uoc-mo-du-hoc-dai-loan/feed/index.html]
[duhocTDJ.vn/wp-json/oembed/1.0/embed2224]
[duhocTDJ.vn/wp-content/uploads/2023/07/u-diem-du-hoc-Dai-Loan-he-vua-hoc-vua-lam-1689827512-1.jpg]
[duhocTDJ.vn/smart-way-noi-gui-gam-uoc-mo-du-hoc-dai-loan/index.html]
[duhocTDJ.vn/wp-content/plugins/litespeed-cache/guest.vary.html]
[duhocTDJ.vn/wp-content/plugins/ultimate-addons-for-contact-form-7/assets/admin/libs/font-awesome/fontawesome4/fonts/fontawesome-webfont3e6e.svg]
[duhocTDJ.vn/wp-content/plugins/ultimate-addons-for-contact-form-7/assets/admin/libs/font-awesome/fontawesome5/webfonts/fa-brands-400.svg]
[duhocTDJ.vn/wp-content/plugins/ultimate-addons-for-contact-form-7/assets/admin/libs/font-awesome/fontawesome5/webfonts/fa-regular-400.svg]
[duhocTDJ.vn/wp-content/plugins/ultimate-addons-for-contact-form-7/assets/admin/libs/font-awesome/fontawesome5/webfonts/fa-solid-900.svg]
[duhocTDJ.vn/wp-content/plugins/ultimate-addons-for-contact-form-7/assets/admin/libs/remixicon/remixicon117c.svg]
[duhocTDJ.vn/indexfacb.html]
[duhocTDJ.vn/feed/index.html]
[duhocTDJ.vn/comments/feed/index.html]
[duhocTDJ.vn/trang-chu/feed/index.html]
[duhocTDJ.vn/wp-content/litespeed/css/70e68a14b1555987d75c140df9b7910a8afc.css]
[duhocTDJ.vn/index5fb3.html]
[duhocTDJ.vn/wp-content/litespeed/css/ac359cfb0d2c39b2733d71f53ce4e6ac8afc.css]
[duhocTDJ.vn/index7665.html]
[duhocTDJ.vn/indexfb24.html]
[duhocTDJ.vn/wp-content/litespeed/css/c2d20b3748a538bf9573660224561f598afc.css]
[duhocTDJ.vn/indexe982.html]
[duhocTDJ.vn/index7b38.html]
[duhocTDJ.vn/wp-content/litespeed/css/5a52c8852c5ffa53b10db04e4d8a8b6931d8.css]
[duhocTDJ.vn/wp-content/litespeed/css/22668e7f47c8cfff0f56e8f5777958d111cd.css]
[duhocTDJ.vn/wp-content/litespeed/css/3143073ae745bd411304cc818c70da86a870.css]
[duhocTDJ.vn/wp-content/litespeed/css/eac9b7802e9f5c665c607ed88a49b620af74.css]
[duhocTDJ.vn/wp-content/litespeed/css/5d5fbeeec5da35129e81922f95d6df464eb2.css]
[duhocTDJ.vn/wp-content/litespeed/css/7efbc5b9b593f2b54d3f8746f72ff3933cd9.css]
[duhocTDJ.vn/wp-content/litespeed/css/596c9e76d0747648f9efadefdd98bf458195.css]
[duhocTDJ.vn/wp-content/uploads/2019/07/section4-icon2-1.png]
[duhocTDJ.vn/wp-content/uploads/2019/07/bg-foeem.jpg]
[duhocTDJ.vn/wp-content/uploads/2019/07/curve.png]
[duhocTDJ.vn/wp-content/uploads/2019/07/bg-login.jpg]
[duhocTDJ.vn/wp-content/litespeed/css/0fbc218a78564072f7fa12d5f5448e5ea66a.css]
[duhocTDJ.vn/index8cae.html]
[duhocTDJ.vn/index6cf3.html]
[duhocTDJ.vn/index96f1.html]
[duhocTDJ.vn/indexe2dc.html]
[duhocTDJ.vn/tin-tuc/page/2/index.html]
[duhocTDJ.vn/bi-kip-auto-pass-buoi-phong-van-voi-cac-truong-dai-loan/index.html]
[duhocTDJ.vn/huong-dan-lam-ho-so-xin-visa-du-hoc-dai-loan/index.html]
[duhocTDJ.vn/wp-json/wp/v2/posts/3382.json]
[duhocTDJ.vn/co-nen-di-du-hoc-dai-loan-vua-hoc-vua-lam/feed/index.html]
[duhocTDJ.vn/wp-json/oembed/1.0/embed1f57.json]
[duhocTDJ.vn/wp-json/oembed/1.0/embed4fb2]
[duhocTDJ.vn/wp-content/uploads/2023/08/3-1692178110.jpg]
[duhocTDJ.vn/co-nen-di-du-hoc-dai-loan-vua-hoc-vua-lam/index.html]
[duhocTDJ.vn/tin-tuc/page/3/index.html]
[duhocTDJ.vn/cam-nang-du-hoc/page/2/index.html]
[duhocTDJ.vn/wp-json/wp/v2/posts/3367.json]
[duhocTDJ.vn/cam-nang-du-hoc/feed/index.html]
[duhocTDJ.vn/du-hoc-dai-loan-nen-hoc-nganh-gi-de-xin-viec/feed/index.html]
[duhocTDJ.vn/wp-json/oembed/1.0/embed793a.json]
[duhocTDJ.vn/wp-json/oembed/1.0/embedc91d]
[duhocTDJ.vn/wp-content/uploads/2023/08/3-1692092380.jpg]
[duhocTDJ.vn/du-hoc-dai-loan-nen-hoc-nganh-gi-de-xin-viec/index.html]
[duhocTDJ.vn/wp-json/wp/v2/posts/3358.json]
[duhocTDJ.vn/tim-hieu-ve-dieu-kien-di-du-hoc-dai-loan/feed/index.html]
[duhocTDJ.vn/wp-json/oembed/1.0/embeda867.json]
[duhocTDJ.vn/wp-json/oembed/1.0/embed0a66]
[duhocTDJ.vn/wp-content/uploads/2023/08/3.png]
[duhocTDJ.vn/tim-hieu-ve-dieu-kien-di-du-hoc-dai-loan/index.html]
[duhocTDJ.vn/wp-json/wp/v2/posts/3346.json]
[duhocTDJ.vn/di-du-hoc-dai-loan-nen-chon-truong-nao/feed/index.html]
[duhocTDJ.vn/wp-json/oembed/1.0/embeda401.json]
[duhocTDJ.vn/wp-json/oembed/1.0/embedae2a]
[duhocTDJ.vn/wp-content/uploads/2023/08/u-diem-du-hoc-Dai-Loan-he-vua-hoc-vua-lam-1691979113.jpg]
[duhocTDJ.vn/di-du-hoc-dai-loan-nen-chon-truong-nao/index.html]
[duhocTDJ.vn/index3492.html]
[duhocTDJ.vn/wp-content/litespeed/css/0b40fddf829cdb90510a17ff7eb91064d29d.css]
[duhocTDJ.vn/wp-logina953.html]
[duhocTDJ.vn/wp-content/plugins/fixed-toc/frontend/assets/fonts/icons8d4c.eot]
[duhocTDJ.vn/wp-content/plugins/fixed-toc/frontend/assets/fonts/icons8d4c.woff2]
[duhocTDJ.vn/su-kien/feed/index.html]
[duhocTDJ.vn/kham-pha-chi-phi-di-du-hoc-dai-loan/feed/index.html]
[duhocTDJ.vn/wp-content/plugins/fixed-toc/frontend/assets/fonts/icons8d4c.woff]
[duhocTDJ.vn/wp-content/plugins/fixed-toc/frontend/assets/fonts/icons8d4c.ttf]
[duhocTDJ.vn/wp-content/plugins/fixed-toc/frontend/assets/fonts/icons8d4c.svg]
[duhocTDJ.vn/wp-content/litespeed/css/482931dac246625f1592c5117402436cfbc2.css]
[duhocTDJ.vn/indexd1ba.html]
[duhocTDJ.vn/wp-json/wp/v2/posts/3339.json]
[duhocTDJ.vn/di-du-hoc-dai-loan-can-bao-nhieu-tien/feed/index.html]
[duhocTDJ.vn/wp-json/oembed/1.0/embed80a8.json]
[duhocTDJ.vn/wp-json/oembed/1.0/embed7bfe]
[duhocTDJ.vn/wp-content/uploads/2023/08/u-diem-du-hoc-Dai-Loan-he-vua-hoc-vua-lam-1-1691576422.jpg]
[duhocTDJ.vn/di-du-hoc-dai-loan-can-bao-nhieu-tien/index.html]
[duhocTDJ.vn/di-du-hoc-dai-loan-can-mang-theo-nhung-gi/feed/index.html]
[duhocTDJ.vn/wp-json/wp/v2/posts/3287.json]
[duhocTDJ.vn/wp-json/oembed/1.0/embed22c0.json]
[duhocTDJ.vn/wp-json/oembed/1.0/embede0f1]
[duhocTDJ.vn/wp-content/uploads/2023/08/2-1691144133.jpg]
[duhocTDJ.vn/di-du-hoc-dai-loan-can-mang-theo-nhung-gi/index.html]
[duhocTDJ.vn/index5dea.html]
[duhocTDJ.vn/indexdac6.html]
[duhocTDJ.vn/huong-dan-day-du-ve-ho-so-xin-visa-du-hoc-dai-loan/index.html]
[duhocTDJ.vn/du-hoc-dai-loan-2023-va-nhung-dieu-can-biet/feed/index.html]
[duhocTDJ.vn/lieu-co-nen-di-du-hoc-dai-loan-khong/feed/index.html]
[duhocTDJ.vn/du-hoc-dai-loan-nganh-tham-my-lam-dep/feed/index.html]
[duhocTDJ.vn/wp-json/wp/v2/posts/3300.json]
[duhocTDJ.vn/wp-json/oembed/1.0/embedcd79.json]
[duhocTDJ.vn/wp-json/oembed/1.0/embed84fd]
[duhocTDJ.vn/du-hoc-dai-loan-nganh-tham-my-lam-dep/index.html]
[duhocTDJ.vn/wp-content/uploads/2023/08/2-1.png]
[duhocTDJ.vn/wp-json/wp/v2/posts/3276.json]
[duhocTDJ.vn/wp-json/oembed/1.0/embed6968.json]
[duhocTDJ.vn/du-hoc-dai-loan-co-nganh-gi/feed/index.html]
[duhocTDJ.vn/wp-json/oembed/1.0/embedfffe]
[duhocTDJ.vn/wp-content/uploads/2023/08/1.png]
[duhocTDJ.vn/du-hoc-dai-loan-co-nganh-gi/index.html]
[duhocTDJ.vn/wp-json/wp/v2/posts/2232.json]
[duhocTDJ.vn/he-14-du-hoc-dai-loan-la-gi/feed/index.html]
[duhocTDJ.vn/wp-json/oembed/1.0/embed0546.json]
[duhocTDJ.vn/wp-json/oembed/1.0/embedd58e]
[duhocTDJ.vn/wp-content/uploads/2023/07/He-14-du-hoc-Dai-Loan-la-gi.jpg]
[duhocTDJ.vn/he-14-du-hoc-dai-loan-la-gi/index.html]
[duhocTDJ.vn/wp-json/wp/v2/posts/3254.json]
[duhocTDJ.vn/du-hoc-dai-loan-he-hoa-kieu/feed/index.html]
[duhocTDJ.vn/wp-json/oembed/1.0/embed356f.json]
[duhocTDJ.vn/wp-json/oembed/1.0/embed29c2]
[duhocTDJ.vn/wp-content/uploads/2023/08/2-1690882534.jpg]
[duhocTDJ.vn/du-hoc-dai-loan-he-hoa-kieu/index.html]
[duhocTDJ.vn/chia-se-kinh-nghiem-di-du-hoc-cap-3-tai-dai-loan/feed/index.html]
[duhocTDJ.vn/wp-json/wp/v2/posts/3234.json]
[duhocTDJ.vn/wp-json/oembed/1.0/embed4b35.json]
[duhocTDJ.vn/wp-json/oembed/1.0/embed24cf]
[duhocTDJ.vn/chia-se-kinh-nghiem-di-du-hoc-cap-3-tai-dai-loan/index.html]
[duhocTDJ.vn/wp-content/uploads/2023/07/2-2.png]
[duhocTDJ.vn/wp-json/wp/v2/posts/2227.json]
[duhocTDJ.vn/chi-phi-du-hoc-dai-loan-he-ngon-ngu/feed/index.html]
[duhocTDJ.vn/wp-json/oembed/1.0/embedb3ee.json]
[duhocTDJ.vn/wp-json/oembed/1.0/embed8ff0]
[duhocTDJ.vn/wp-content/uploads/2023/07/Uu-diem-du-hoc-Dai-Loan-he-vua-hoc-vua-lam.png]
[duhocTDJ.vn/chi-phi-du-hoc-dai-loan-he-ngon-ngu/index.html]
[duhocTDJ.vn/wp-json/wp/v2/posts/3242.json]
[duhocTDJ.vn/kham-pha-chi-phi-du-hoc-dai-loan-vua-hoc-vua-lam/feed/index.html]
[duhocTDJ.vn/wp-json/oembed/1.0/embedc539.json]
[duhocTDJ.vn/wp-json/oembed/1.0/embedf33f]
[duhocTDJ.vn/wp-content/uploads/2023/07/2-3.png]
[duhocTDJ.vn/kham-pha-chi-phi-du-hoc-dai-loan-vua-hoc-vua-lam/index.html]
[duhocTDJ.vn/index9f9d.html]
[duhocTDJ.vn/indexb6dd.html]
[duhocTDJ.vn/index4548.html]
[duhocTDJ.vn/indexcaeb.html]
[duhocTDJ.vn/di-du-hoc-dai-loan-can-nhung-gi/feed/index.html]
[duhocTDJ.vn/thong-tin-chi-tiet-ve-du-hoc-dai-loan-he-ngon-ngu/feed/index.html]
[duhocTDJ.vn/lieu-co-nen-di-du-hoc-dai-loan-bang-tieng-anh/feed/index.html]
[duhocTDJ.vn/wp-json/wp/v2/posts/3327.json]
[duhocTDJ.vn/wp-json/oembed/1.0/embed1fd7.json]
[duhocTDJ.vn/wp-json/oembed/1.0/embeda494]
[duhocTDJ.vn/wp-content/uploads/2023/08/u-diem-du-hoc-Dai-Loan-he-vua-hoc-vua-lam-1-1691979404.jpg]
[duhocTDJ.vn/huong-dan-tu-lam-ho-so-du-hoc-dai-loan/index.html]
[duhocTDJ.vn/index87ad.html]
[duhocTDJ.vn/indexe457.html]
[duhocTDJ.vn/indexf719.html]
[duhocTDJ.vn/tim-hieu-ve-xin-hoc-bong-du-hoc-dai-loan/feed/index.html]
[duhocTDJ.vn/index1de4.html]
[duhocTDJ.vn/du-hoc-smart-way-va-cam-xuc-tai-san-bay/feed/index.html]
[duhocTDJ.vn/index126a.html]
[duhocTDJ.vn/smart-way-tien-hoc-vien-ra-san-bay-du-hoc/feed/index.html]
[duhocTDJ.vn/index1740.html]
[duhocTDJ.vn/tiec-chia-tay-hoc-vien-du-hoc-thang-9-cua-smart-way/feed/index.html]
[duhocTDJ.vn/feed/index.html]
[duhocTDJ.vn/comments/feed/index.html]
[duhocTDJ.vn/trang-chu/feed/index.html]
[duhocTDJ.vn/indexad26.html]
[duhocTDJ.vn/index073a.html]
[duhocTDJ.vn/wp-json/oembed/1.0/embed6e20]
[duhocTDJ.vn/indexccf3.html]
[duhocTDJ.vn/smart-way-noi-gui-gam-uoc-mo-du-hoc-dai-loan/feed/index.html]
[duhocTDJ.vn/index2d5d.html]
[duhocTDJ.vn/wp-content/litespeed/css/32373016428c60af5555e0f7cee5f1ea3fb6.css]
[duhocTDJ.vn/nhung-hinh-anh-trong-buoi-thi-tocfl-ngay-23-7/feed/index.html]
[duhocTDJ.vn/wp-json/wp/v2/posts/3316.json]
[duhocTDJ.vn/huong-dan-lam-ho-so-xin-visa-du-hoc-dai-loan/feed/index.html]
[duhocTDJ.vn/wp-json/oembed/1.0/embed5b3c.json]
[duhocTDJ.vn/wp-json/oembed/1.0/embedcfc0]
[duhocTDJ.vn/wp-content/uploads/2023/08/2-1691484766.jpg]
[duhocTDJ.vn/huong-dan-lam-ho-so-xin-visa-du-hoc-dai-loan/index.html]
[duhocTDJ.vn/bi-kip-auto-pass-buoi-phong-van-voi-cac-truong-dai-loan/feed/index.html]
[duhocTDJ.vn/wp-json/wp/v2/posts/3264.json]
[duhocTDJ.vn/wp-json/oembed/1.0/embedb702.json]
[duhocTDJ.vn/wp-json/oembed/1.0/embed2fd9]
[duhocTDJ.vn/wp-content/uploads/2023/08/2.png]
[duhocTDJ.vn/bi-kip-auto-pass-buoi-phong-van-voi-cac-truong-dai-loan/index.html]
[duhocTDJ.vn/tin-tuc/page/1/index.html]
[duhocTDJ.vn/indexa4ae.html]
[duhocTDJ.vn/cam-nang-du-hoc/page/1/index.html]
[duhocTDJ.vn/indexe4fa.html]
[duhocTDJ.vn/cam-nang-du-hoc/feed/index.html]
[duhocTDJ.vn/co-nen-di-du-hoc-dai-loan-vua-hoc-vua-lam/feed/index.html]
[duhocTDJ.vn/index0911.html]
[duhocTDJ.vn/index8a4e.html]
[duhocTDJ.vn/du-hoc-dai-loan-nen-hoc-nganh-gi-de-xin-viec/feed/index.html]
[duhocTDJ.vn/tim-hieu-ve-dieu-kien-di-du-hoc-dai-loan/feed/index.html]
[duhocTDJ.vn/wp-includes/css/buttons.min9704.css]
[duhocTDJ.vn/wp-admin/css/forms.min9704.css]
[duhocTDJ.vn/wp-admin/css/l10n.min9704.css]
[duhocTDJ.vn/wp-admin/css/login.min9704.css]
[duhocTDJ.vn/wp-loginc2b6.html]
[duhocTDJ.vn/wp-includes/js/clipboard.min3c89.js]
[duhocTDJ.vn/wp-includes/js/jquery/jquery-migrate.min5589.js]
[duhocTDJ.vn/wp-includes/js/zxcvbn-async.min5152.js]
[duhocTDJ.vn/wp-includes/js/dist/hooks.min4fdd.js]
[duhocTDJ.vn/wp-includes/js/dist/i18n.minc33c.js]
[duhocTDJ.vn/wp-admin/js/password-strength-meter.min9704.js]
[duhocTDJ.vn/wp-includes/js/underscore.min3ab8.js]
[duhocTDJ.vn/wp-includes/js/wp-util.min9704.js]
[duhocTDJ.vn/wp-includes/js/dist/dom-ready.min5346.js]
[duhocTDJ.vn/wp-includes/js/dist/a11y.min3f73.js]
[duhocTDJ.vn/wp-admin/js/user-profile.min9704.js]
[duhocTDJ.vn/wp-logina953.html]
[duhocTDJ.vn/wp-content/plugins/fixed-toc/frontend/assets/fonts/icons8d4c.svg]
[duhocTDJ.vn/indexa769.html]
[duhocTDJ.vn/kham-pha-chi-phi-di-du-hoc-dai-loan/feed/index.html]
[duhocTDJ.vn/indexa732.html]
[duhocTDJ.vn/su-kien/feed/index.html]
[duhocTDJ.vn/di-du-hoc-dai-loan-can-bao-nhieu-tien/feed/index.html]
[duhocTDJ.vn/di-du-hoc-dai-loan-can-mang-theo-nhung-gi/feed/index.html]
[duhocTDJ.vn/index40ae.html]
[duhocTDJ.vn/index938b.html]
[duhocTDJ.vn/lieu-co-nen-di-du-hoc-dai-loan-khong/feed/index.html]
[duhocTDJ.vn/index480b.html]
[duhocTDJ.vn/du-hoc-dai-loan-2023-va-nhung-dieu-can-biet/feed/index.html]
[duhocTDJ.vn/index1d2e.html]
[duhocTDJ.vn/du-hoc-dai-loan-co-nganh-gi/feed/index.html]
[duhocTDJ.vn/he-14-du-hoc-dai-loan-la-gi/feed/index.html]
[duhocTDJ.vn/indexe694.html]
[duhocTDJ.vn/indexf883.html]
[duhocTDJ.vn/du-hoc-dai-loan-he-hoa-kieu/feed/index.html]
[duhocTDJ.vn/index96b6.html]
[duhocTDJ.vn/chia-se-kinh-nghiem-di-du-hoc-cap-3-tai-dai-loan/feed/index.html]
[duhocTDJ.vn/chi-phi-du-hoc-dai-loan-he-ngon-ngu/feed/index.html]
[duhocTDJ.vn/huong-dan-tu-lam-ho-so-du-hoc-dai-loan-tiet-kiem-chi-phi/index.html]
[duhocTDJ.vn/kham-pha-chi-phi-du-hoc-dai-loan-vua-hoc-vua-lam/feed/index.html]
[duhocTDJ.vn/index21f1.html]
[duhocTDJ.vn/di-du-hoc-dai-loan-can-nhung-gi/feed/index.html]
[duhocTDJ.vn/huong-dan-chung-minh-tai-chinh-du-hoc-dai-loan/feed/index.html]
[duhocTDJ.vn/huong-dan-tu-lam-ho-so-du-hoc-dai-loan/feed/index.html]
[duhocTDJ.vn/index9dae.html]
[duhocTDJ.vn/index3922.html]
[duhocTDJ.vn/tiec-chia-tay-hoc-vien-du-hoc-thang-9-cua-smart-way/feed/index.html]
[duhocTDJ.vn/du-hoc-smart-way-va-cam-xuc-tai-san-bay/feed/index.html]
[duhocTDJ.vn/index3cb6.html]
[duhocTDJ.vn/index50e4.html]
[duhocTDJ.vn/cam-nang-du-hoc/feed/index.html]
[duhocTDJ.vn/huong-dan-lam-ho-so-xin-visa-du-hoc-dai-loan/feed/index.html]
[duhocTDJ.vn/bi-kip-auto-pass-buoi-phong-van-voi-cac-truong-dai-loan/feed/index.html]
[duhocTDJ.vn/co-nen-di-du-hoc-dai-loan-vua-hoc-vua-lam/feed/index.html]
[duhocTDJ.vn/wp-includes/css/buttons.min9704.css]
[duhocTDJ.vn/du-hoc-dai-loan-nen-hoc-nganh-gi-de-xin-viec/feed/index.html]
[duhocTDJ.vn/tim-hieu-ve-dieu-kien-di-du-hoc-dai-loan/feed/index.html]
[duhocTDJ.vn/di-du-hoc-dai-loan-nen-chon-truong-nao/feed/index.html]
[duhocTDJ.vn/wp-admin/images/loading.gif]
[duhocTDJ.vn/wp-admin/css/forms.min9704.css]
[duhocTDJ.vn/wp-admin/css/l10n.min9704.css]
[duhocTDJ.vn/wp-admin/images/w-logo-blue7a53.png]
[duhocTDJ.vn/wp-admin/images/wordpress-logo7d6b.svg]
[duhocTDJ.vn/wp-admin/css/login.min9704.css]
[duhocTDJ.vn/index3996.html]
[duhocTDJ.vn/wp-loginc2b6.html]
[duhocTDJ.vn/su-kien/feed/index.html]
[duhocTDJ.vn/kham-pha-chi-phi-di-du-hoc-dai-loan/feed/index.html]
[duhocTDJ.vn/wp-login.html]
[duhocTDJ.vn/lieu-co-nen-di-du-hoc-dai-loan-khong/feed/index.html]
[duhocTDJ.vn/du-hoc-dai-loan-2023-va-nhung-dieu-can-biet/feed/index.html]
[duhocTDJ.vn/di-du-hoc-dai-loan-can-bao-nhieu-tien/feed/index.html]
[duhocTDJ.vn/du-hoc-dai-loan-nganh-tham-my-lam-dep/feed/index.html]
[duhocTDJ.vn/di-du-hoc-dai-loan-can-mang-theo-nhung-gi/feed/index.html]
[duhocTDJ.vn/du-hoc-dai-loan-co-nganh-gi/feed/index.html]
[duhocTDJ.vn/di-du-hoc-dai-loan-can-nhung-gi/feed/index.html]
[duhocTDJ.vn/thong-tin-chi-tiet-ve-du-hoc-dai-loan-he-ngon-ngu/feed/index.html]
[duhocTDJ.vn/lieu-co-nen-di-du-hoc-dai-loan-bang-tieng-anh/feed/index.html]
[duhocTDJ.vn/huong-dan-chung-minh-tai-chinh-du-hoc-dai-loan/feed/index.html]
[duhocTDJ.vn/tim-hieu-ve-xin-hoc-bong-du-hoc-dai-loan/feed/index.html]
[duhocTDJ.vn/du-hoc-smart-way-va-cam-xuc-tai-san-bay/feed/index.html]
[duhocTDJ.vn/smart-way-tien-hoc-vien-ra-san-bay-du-hoc/feed/index.html]
[duhocTDJ.vn/tiec-chia-tay-hoc-vien-du-hoc-thang-9-cua-smart-way/feed/index.html]
[duhocTDJ.vn/nhung-hinh-anh-trong-buoi-thi-tocfl-ngay-23-7/feed/index.html]
[duhocTDJ.vn/smart-way-noi-gui-gam-uoc-mo-du-hoc-dai-loan/feed/index.html]
[duhocTDJ.vn/indexf60a.html]
[duhocTDJ.vn/index3196.html]
[duhocTDJ.vn/du-hoc-dai-loan-he-hoa-kieu/feed/index.html]
[duhocTDJ.vn/chi-phi-du-hoc-dai-loan-he-ngon-ngu/feed/index.html]
[duhocTDJ.vn/co-nen-di-du-hoc-dai-loan-vua-hoc-vua-lam/feed/index.html]
[duhocTDJ.vn/du-hoc-dai-loan-nen-hoc-nganh-gi-de-xin-viec/feed/index.html]
[duhocTDJ.vn/tim-hieu-ve-dieu-kien-di-du-hoc-dai-loan/feed/index.html]
[duhocTDJ.vn/di-du-hoc-dai-loan-nen-chon-truong-nao/feed/index.html]
[duhocTDJ.vn/kham-pha-chi-phi-du-hoc-dai-loan-vua-hoc-vua-lam/feed/index.html]
[duhocTDJ.vn/huong-dan-lam-ho-so-xin-visa-du-hoc-dai-loan/feed/index.html]
[duhocTDJ.vn/wp-includes/css/dashicons.min9704.css]
[duhocTDJ.vn/wp-admin/images/wordpress-logo7d6b.svg]
[duhocTDJ.vn/indexbfc3.html]
[duhocTDJ.vn/index6d7f.html]
[duhocTDJ.vn/wp-login.html]
[duhocTDJ.vn/di-du-hoc-dai-loan-can-bao-nhieu-tien/feed/index.html]
[duhocTDJ.vn/di-du-hoc-dai-loan-can-mang-theo-nhung-gi/feed/index.html]
[duhocTDJ.vn/du-hoc-dai-loan-nganh-tham-my-lam-dep/feed/index.html]
[duhocTDJ.vn/du-hoc-dai-loan-co-nganh-gi/feed/index.html]
[duhocTDJ.vn/he-14-du-hoc-dai-loan-la-gi/feed/index.html]
[duhocTDJ.vn/du-hoc-dai-loan-he-hoa-kieu/feed/index.html]
[duhocTDJ.vn/chia-se-kinh-nghiem-di-du-hoc-cap-3-tai-dai-loan/feed/index.html]
[duhocTDJ.vn/chi-phi-du-hoc-dai-loan-he-ngon-ngu/feed/index.html]
[duhocTDJ.vn/kham-pha-chi-phi-du-hoc-dai-loan-vua-hoc-vua-lam/feed/index.html]
[duhocTDJ.vn/huong-dan-tu-lam-ho-so-du-hoc-dai-loan/feed/index.html]
[duhocTDJ.vn/huong-dan-lam-ho-so-xin-visa-du-hoc-dai-loan/feed/index.html]
[duhocTDJ.vn/bi-kip-auto-pass-buoi-phong-van-voi-cac-truong-dai-loan/feed/index.html]
[duhocTDJ.vn/bi-kip-auto-pass-buoi-phong-van-voi-cac-truong-dai-loan/feed/index.html]
[duhocTDJ.vn/wp-includes/css/dashicons.min9704.css]
[duhocTDJ.vn/index687b.html]
[duhocTDJ.vn/indexe239.html]
[duhocTDJ.vn/indexe171.html]
[duhocTDJ.vn/index26a7.html]
[duhocTDJ.vn/index682c.html]
[duhocTDJ.vn/index77e6.html]
